
> servidor-soto-del-prior@0.1.0 build
> next build

Ôû▓ Next.js 16.1.0 (Turbopack)
- Environments: .env

node.exe : ÔÜá The "middleware" file 
convention is deprecated. Please use "proxy" 
instead. Learn more: https://nextjs.org/docs/me
ssages/middleware-to-proxy
En línea: 1 Carácter: 1
+ & "C:\Program Files\nodejs/node.exe" 
"C:\Program Files\nodejs/node_mo ...
+ ~~~~~~~~~~~~~~~~~~~~~~~~~~~~~~~~~~~~~~~~~~~~~
~~~~~~~~~~~~~~~~~~~~~~~~
    + CategoryInfo          : NotSpecified: (Ô 
   Üá The "middle...leware-to-proxy:String) [  
  ], RemoteException
    + FullyQualifiedErrorId : NativeCommandErr 
   or
 
  Creating an optimized production build ...

> Build error occurred
Error: Turbopack build failed with 2 errors:
./src/lib/auth.ts:3:1
Module not found: Can't resolve 
'@prisma/client'
[0m [90m 1 |[39m [36mimport[39m 
[33mNextAuth[39m [36mfrom[39m 
[32m"next-auth"[39m
 [90m 2 |[39m [36mimport[39m 
[33mCredentials[39m [36mfrom[39m 
[32m"next-auth/providers/credentials"[39m
[31m[1m>[22m[39m[90m 3 |[39m 
[36mimport[39m { [33mPrismaClient[39m } 
[36mfrom[39m [32m"@prisma/client"[39m
 [90m   |[39m [31m[1m^[22m[39m[31m[1m^
[22m[39m[31m[1m^[22m[39m[31m[1m^[22m[3
9m[31m[1m^[22m[39m[31m[1m^[22m[39m[31m
[1m^[22m[39m[31m[1m^[22m[39m[31m[1m^[
22m[39m[31m[1m^[22m[39m[31m[1m^[22m[39
m[31m[1m^[22m[39m[31m[1m^[22m[39m[31m
[1m^[22m[39m[31m[1m^[22m[39m[31m[1m^[2
2m[39m[31m[1m^[22m[39m[31m[1m^[22m[39m
[31m[1m^[22m[39m[31m[1m^[22m[39m[31m[
1m^[22m[39m[31m[1m^[22m[39m[31m[1m^[22
m[39m[31m[1m^[22m[39m[31m[1m^[22m[39m
[31m[1m^[22m[39m[31m[1m^[22m[39m[31m[1
m^[22m[39m[31m[1m^[22m[39m[31m[1m^[22m
[39m[31m[1m^[22m[39m[31m[1m^[22m[39m[
31m[1m^[22m[39m[31m[1m^[22m[39m[31m[1m
^[22m[39m[31m[1m^[22m[39m[31m[1m^[22m
[39m[31m[1m^[22m[39m[31m[1m^[22m[39m[3
1m[1m^[22m[39m[31m[1m^[22m[39m[31m[1m^
[22m[39m[31m[1m^[22m[39m[31m[1m^[22m[
39m[31m[1m^[22m[39m
 [90m 4 |[39m [36mimport[39m bcrypt 
[36mfrom[39m [32m"bcrypt"[39m
 [90m 5 |[39m [36mimport[39m { z } 
[36mfrom[39m [32m"zod"[39m
 [90m 6 |[39m [36mimport[39m { authConfig 
} [36mfrom[39m [32m"./auth.config"[39m[0m



Import trace:
  Server Component:
    ./src/lib/auth.ts
    ./src/lib/actions.ts

https://nextjs.org/docs/messages/module-not-fou
nd


./src/lib/auth.ts:4:1
Module not found: Can't resolve 'bcrypt'
[0m [90m 2 |[39m [36mimport[39m 
[33mCredentials[39m [36mfrom[39m 
[32m"next-auth/providers/credentials"[39m
 [90m 3 |[39m [36mimport[39m { 
[33mPrismaClient[39m } [36mfrom[39m 
[32m"@prisma/client"[39m
[31m[1m>[22m[39m[90m 4 |[39m 
[36mimport[39m bcrypt [36mfrom[39m 
[32m"bcrypt"[39m
 [90m   |[39m [31m[1m^[22m[39m[31m[1m^
[22m[39m[31m[1m^[22m[39m[31m[1m^[22m[3
9m[31m[1m^[22m[39m[31m[1m^[22m[39m[31m
[1m^[22m[39m[31m[1m^[22m[39m[31m[1m^[
22m[39m[31m[1m^[22m[39m[31m[1m^[22m[39
m[31m[1m^[22m[39m[31m[1m^[22m[39m[31m
[1m^[22m[39m[31m[1m^[22m[39m[31m[1m^[2
2m[39m[31m[1m^[22m[39m[31m[1m^[22m[39m
[31m[1m^[22m[39m[31m[1m^[22m[39m[31m[
1m^[22m[39m[31m[1m^[22m[39m[31m[1m^[22
m[39m[31m[1m^[22m[39m[31m[1m^[22m[39m
[31m[1m^[22m[39m[31m[1m^[22m[39m
 [90m 5 |[39m [36mimport[39m { z } 
[36mfrom[39m [32m"zod"[39m
 [90m 6 |[39m [36mimport[39m { authConfig 
} [36mfrom[39m [32m"./auth.config"[39m
 [90m 7 |[39m[0m



Import trace:
  Server Component:
    ./src/lib/auth.ts
    ./src/lib/actions.ts

https://nextjs.org/docs/messages/module-not-fou
nd


    at <unknown> (./src/lib/auth.ts:3:1)
    at <unknown> (https://nextjs.org/docs/messa
ges/module-not-found)
    at <unknown> (./src/lib/auth.ts:4:1)
    at <unknown> (https://nextjs.org/docs/messa
ges/module-not-found)
